Java HotSpot(TM) 64-Bit Server VM (25.40-b25) for windows-amd64 JRE (1.8.0_40-b26), built on Mar  7 2015 13:51:59 by "java_re" with MS VC++ 10.0 (VS2010)
Memory: 4k page, physical 8095252k(2750828k free), swap 12062908k(3604492k free)
CommandLine flags: -XX:GCLogFileSize=3145728 -XX:InitialHeapSize=1073741824 -XX:MaxHeapSize=1073741824 -XX:NumberOfGCLogFiles=5 -XX:+PrintGC -XX:+PrintGCDateStamps -XX:+PrintGCDetails -XX:+PrintGCTimeStamps -XX:-TraceClassUnloading -XX:+UseCompressedClassPointers -XX:+UseCompressedOops -XX:+UseGCLogFileRotation -XX:-UseLargePagesIndividualAllocation -XX:+UseParallelGC 
2018-12-11T10:59:37.562-0200: 2.265: [GC (Metadata GC Threshold) [PSYoungGen: 214968K->17338K(305664K)] 214968K->17346K(1005056K), 0.0349998 secs] [Times: user=0.03 sys=0.00, real=0.03 secs] 
2018-12-11T10:59:37.597-0200: 2.300: [Full GC (Metadata GC Threshold) [PSYoungGen: 17338K->0K(305664K)] [ParOldGen: 8K->16512K(699392K)] 17346K->16512K(1005056K), [Metaspace: 19376K->19376K(1067008K)], 0.0597275 secs] [Times: user=0.09 sys=0.02, real=0.06 secs] 
2018-12-11T10:59:39.267-0200: 3.971: [GC (GCLocker Initiated GC) [PSYoungGen: 151996K->16436K(305664K)] 168509K->32957K(1005056K), 0.0197716 secs] [Times: user=0.03 sys=0.00, real=0.02 secs] 
2018-12-11T10:59:39.373-0200: 4.076: [GC (Metadata GC Threshold) [PSYoungGen: 29056K->7386K(305664K)] 45577K->23914K(1005056K), 0.0093041 secs] [Times: user=0.00 sys=0.00, real=0.01 secs] 
2018-12-11T10:59:39.382-0200: 4.086: [Full GC (Metadata GC Threshold) [PSYoungGen: 7386K->0K(305664K)] [ParOldGen: 16528K->14251K(699392K)] 23914K->14251K(1005056K), [Metaspace: 32112K->32112K(1079296K)], 0.0622636 secs] [Times: user=0.11 sys=0.00, real=0.06 secs] 
2018-12-11T10:59:41.687-0200: 6.391: [GC (Allocation Failure) [PSYoungGen: 262144K->39692K(305664K)] 276395K->53952K(1005056K), 0.0393365 secs] [Times: user=0.03 sys=0.01, real=0.04 secs] 
2018-12-11T10:59:42.369-0200: 7.072: [GC (Allocation Failure) [PSYoungGen: 301836K->43507K(305664K)] 316096K->65317K(1005056K), 0.0695474 secs] [Times: user=0.14 sys=0.02, real=0.07 secs] 
2018-12-11T10:59:43.242-0200: 7.946: [GC (Allocation Failure) [PSYoungGen: 305651K->40452K(271872K)] 327461K->62270K(971264K), 0.0533084 secs] [Times: user=0.13 sys=0.00, real=0.05 secs] 
2018-12-11T10:59:45.726-0200: 10.429: [GC (Allocation Failure) [PSYoungGen: 268804K->36071K(288768K)] 290622K->57897K(988160K), 0.0686522 secs] [Times: user=0.14 sys=0.02, real=0.07 secs] 
2018-12-11T10:59:46.210-0200: 10.914: [GC (Metadata GC Threshold) [PSYoungGen: 63760K->18400K(290816K)] 85586K->57348K(990208K), 0.0437954 secs] [Times: user=0.09 sys=0.00, real=0.04 secs] 
2018-12-11T10:59:46.254-0200: 10.958: [Full GC (Metadata GC Threshold) [PSYoungGen: 18400K->0K(290816K)] [ParOldGen: 38948K->48291K(699392K)] 57348K->48291K(990208K), [Metaspace: 53788K->53788K(1099776K)], 0.2730824 secs] [Times: user=0.50 sys=0.00, real=0.27 secs] 
2018-12-11T10:59:48.620-0200: 13.324: [GC (Allocation Failure) [PSYoungGen: 231424K->58346K(289792K)] 279715K->142659K(989184K), 0.0732237 secs] [Times: user=0.03 sys=0.02, real=0.07 secs] 
2018-12-11T10:59:50.196-0200: 14.900: [GC (Allocation Failure) [PSYoungGen: 289770K->59373K(176128K)] 374083K->234830K(875520K), 0.1080967 secs] [Times: user=0.14 sys=0.00, real=0.11 secs] 
2018-12-11T10:59:50.731-0200: 15.435: [GC (Allocation Failure) [PSYoungGen: 176109K->77976K(232960K)] 351566K->271935K(932352K), 0.0555133 secs] [Times: user=0.06 sys=0.00, real=0.06 secs] 
2018-12-11T11:00:12.554-0200: 37.257: [GC (Allocation Failure) [PSYoungGen: 194712K->42898K(232960K)] 388671K->236873K(932352K), 0.0239053 secs] [Times: user=0.03 sys=0.02, real=0.02 secs] 
Heap
 PSYoungGen      total 232960K, used 154819K [0x00000000eab00000, 0x0000000100000000, 0x0000000100000000)
  eden space 116736K, 95% used [0x00000000eab00000,0x00000000f184c510,0x00000000f1d00000)
  from space 116224K, 36% used [0x00000000f8e80000,0x00000000fb864ab8,0x0000000100000000)
  to   space 116224K, 0% used [0x00000000f1d00000,0x00000000f1d00000,0x00000000f8e80000)
 ParOldGen       total 699392K, used 193974K [0x00000000c0000000, 0x00000000eab00000, 0x00000000eab00000)
  object space 699392K, 27% used [0x00000000c0000000,0x00000000cbd6dbb8,0x00000000eab00000)
 Metaspace       used 76994K, capacity 83684K, committed 83780K, reserved 1122304K
  class space    used 9833K, capacity 11867K, committed 11904K, reserved 1048576K
